# Nothing consider as the empty files
